<?xml version="1.0" encoding="UTF-8"?><project>
  <actions/>
  <description/>
  <keepDependencies>false</keepDependencies>
  <properties/>
  <canRoam>true</canRoam>
  <disabled>false</disabled>
  <blockBuildWhenDownstreamBuilding>false</blockBuildWhenDownstreamBuilding>
  <blockBuildWhenUpstreamBuilding>false</blockBuildWhenUpstreamBuilding>
  <triggers>
    <hudson.triggers.SCMTrigger>
      <spec>@daily</spec>
      <ignorePostCommitHooks>false</ignorePostCommitHooks>
    </hudson.triggers.SCMTrigger>
  </triggers>
  <concurrentBuild>false</concurrentBuild>
  <builders>
    <hudson.plugins.gradle.Gradle>
      <description/>
      <switches/>
      <tasks>publish</tasks>
      <rootBuildScriptDir/>
      <buildFile/>
      <gradleName>(Default)</gradleName>
      <useWrapper>true</useWrapper>
      <makeExecutable>false</makeExecutable>
      <fromRootBuildScriptDir>true</fromRootBuildScriptDir>
      <useWorkspaceAsHome>false</useWorkspaceAsHome>
      <passAsProperties>false</passAsProperties>
    </hudson.plugins.gradle.Gradle>
  </builders>
  <publishers>
    <hudson.plugins.parameterizedtrigger.BuildTrigger>
      <configs>
        <hudson.plugins.parameterizedtrigger.BuildTriggerConfig>
          <projects>deploy-to-foo-env</projects>
          <condition>SUCCESS</condition>
          <triggerWithNoParameters>false</triggerWithNoParameters>
          <configs>
            <hudson.plugins.parameterizedtrigger.CurrentBuildParameters/>
          </configs>
        </hudson.plugins.parameterizedtrigger.BuildTriggerConfig>
      </configs>
    </hudson.plugins.parameterizedtrigger.BuildTrigger>
  </publishers>
  <buildWrappers/>
  <scm class="hudson.plugins.git.GitSCM">
    <userRemoteConfigs>
      <hudson.plugins.git.UserRemoteConfig>
        <url>https://github.com/dev-trainings/simple-gradle-project.git</url>
      </hudson.plugins.git.UserRemoteConfig>
    </userRemoteConfigs>
    <branches>
      <hudson.plugins.git.BranchSpec>
        <name>**</name>
      </hudson.plugins.git.BranchSpec>
    </branches>
    <configVersion>2</configVersion>
    <doGenerateSubmoduleConfigurations>false</doGenerateSubmoduleConfigurations>
    <gitTool>Default</gitTool>
    <extensions>
      <hudson.plugins.git.extensions.impl.PerBuildTag/>
    </extensions>
  </scm>
</project>
