<?xml version="1.0" encoding="UTF-8"?><project>
  <actions/>
  <description/>
  <keepDependencies>false</keepDependencies>
  <properties/>
  <scm class="hudson.scm.NullSCM"/>
  <canRoam>true</canRoam>
  <disabled>false</disabled>
  <blockBuildWhenDownstreamBuilding>false</blockBuildWhenDownstreamBuilding>
  <blockBuildWhenUpstreamBuilding>false</blockBuildWhenUpstreamBuilding>
  <triggers/>
  <concurrentBuild>false</concurrentBuild>
  <builders>
    <hudson.tasks.Shell>
      <command>echo deploying project v. $VERSION on foo-env</command>
    </hudson.tasks.Shell>
  </builders>
  <publishers>
    <hudson.plugins.parameterizedtrigger.BuildTrigger>
      <configs>
        <hudson.plugins.parameterizedtrigger.BuildTriggerConfig>
          <projects>execute-acceptance-test</projects>
          <condition>SUCCESS</condition>
          <triggerWithNoParameters>false</triggerWithNoParameters>
          <configs>
            <hudson.plugins.parameterizedtrigger.CurrentBuildParameters/>
          </configs>
        </hudson.plugins.parameterizedtrigger.BuildTriggerConfig>
      </configs>
    </hudson.plugins.parameterizedtrigger.BuildTrigger>
  </publishers>
  <buildWrappers/>
</project>
